
> agencelocation-sys@0.0.0 type-check
> vue-tsc --build

src/services/invoiceService.ts(70,29): error TS2532: Object is possibly 'undefined'.
src/services/paymentService.ts(72,25): error TS2532: Object is possibly 'undefined'.
src/services/paymentService.ts(181,13): error TS18048: 'doc' is possibly 'undefined'.
src/services/paymentService.ts(182,35): error TS18048: 'doc' is possibly 'undefined'.
src/services/userRoleService.ts(42,25): error TS18048: 'userDoc' is possibly 'undefined'.
src/services/userRoleService.ts(43,24): error TS18048: 'userDoc' is possibly 'undefined'.
src/services/userRoleService.ts(44,32): error TS18048: 'userDoc' is possibly 'undefined'.
