
> agencelocation-sys@0.0.0 type-check
> vue-tsc --build

src/services/invoiceService.ts(70,29): error TS2532: Object is possibly 'undefined'.
src/services/paymentService.ts(72,25): error TS2532: Object is possibly 'undefined'.
src/services/paymentService.ts(181,13): error TS18048: 'doc' is possibly 'undefined'.
src/services/paymentService.ts(182,35): error TS18048: 'doc' is possibly 'undefined'.
src/services/userRoleService.ts(42,25): error TS18048: 'userDoc' is possibly 'undefined'.
src/services/userRoleService.ts(43,24): error TS18048: 'userDoc' is possibly 'undefined'.
src/services/userRoleService.ts(44,32): error TS18048: 'userDoc' is possibly 'undefined'.
src/views/CalendarView.vue(362,28): error TS2532: Object is possibly 'undefined'.
src/views/DashboardView.vue(172,76): error TS2322: Type '(client: Client) => string | undefined' is not assignable to type 'string | ((data: any) => string) | undefined'.
  Type '(client: Client) => string | undefined' is not assignable to type '(data: any) => string'.
    Type 'string | undefined' is not assignable to type 'string'.
      Type 'undefined' is not assignable to type 'string'.
src/views/DashboardView.vue(291,52): error TS2322: Type '{ labels: string[]; datasets: { label: string; data: number[]; backgroundColor?: string | string[] | undefined; borderColor?: string | string[] | undefined; borderWidth?: number | undefined; fill?: boolean | undefined; tension?: number | undefined; type?: "line" | ... 1 more ... | undefined; }[]; } | null' is not assignable to type 'object | undefined'.
  Type 'null' is not assignable to type 'object | undefined'.
src/views/DashboardView.vue(304,60): error TS2322: Type '{ labels: string[]; datasets: { label: string; data: number[]; backgroundColor?: string | string[] | undefined; borderColor?: string | string[] | undefined; borderWidth?: number | undefined; fill?: boolean | undefined; tension?: number | undefined; type?: "line" | ... 1 more ... | undefined; }[]; } | null' is not assignable to type 'object | undefined'.
  Type 'null' is not assignable to type 'object | undefined'.
src/views/DashboardView.vue(315,60): error TS2322: Type '{ labels: string[]; datasets: { label: string; data: number[]; backgroundColor?: string | string[] | undefined; borderColor?: string | string[] | undefined; borderWidth?: number | undefined; fill?: boolean | undefined; tension?: number | undefined; type?: "line" | ... 1 more ... | undefined; }[]; } | null' is not assignable to type 'object | undefined'.
  Type 'null' is not assignable to type 'object | undefined'.
